// Jest Snapshot v1, https://goo.gl/fbAQLP

exports[`Test OptimalDamageScreen Component renders correctly 1`] = `
<RCTSafeAreaView
  emulateUnlessSupported={true}
  style={
    Object {
      "backgroundColor": "#fff",
      "flex": 1,
    }
  }
>
  <RCTScrollView>
    <View>
      <View
        style={
          Object {
            "alignItems": "center",
            "flexDirection": "row",
            "justifyContent": "center",
            "paddingHorizontal": 10,
            "paddingVertical": 10,
          }
        }
      >
        <Text
          style={
            Object {
              "color": "#2b2b2b",
              "flex": 1,
              "fontFamily": "SourceSansPro-Regular",
              "fontSize": 16,
              "lineHeight": 21,
            }
          }
        >
          Realiza estos ataques para lograr el mayor da√±o a tu objetivo
        </Text>
        <View
          style={
            Object {
              "alignItems": "center",
              "backgroundColor": "green",
              "borderRadius": 75,
              "height": 75,
              "justifyContent": "center",
              "marginLeft": 20,
              "width": 75,
            }
          }
        >
          <View
            style={
              Object {
                "alignItems": "center",
                "backgroundColor": "#fff",
                "borderRadius": 70,
                "height": 70,
                "justifyContent": "center",
                "width": 70,
              }
            }
          >
            <Text
              style={
                Object {
                  "color": "green",
                  "fontFamily": "SourceSansPro-Bold",
                  "fontSize": 21,
                  "textAlign": "center",
                }
              }
              testID="damage-value"
            >
              undefined %
            </Text>
          </View>
        </View>
      </View>
    </View>
  </RCTScrollView>
</RCTSafeAreaView>
`;
