// Jest Snapshot v1, https://goo.gl/fbAQLP

exports[`Test CounterInput Component should renders correctly 1`] = `
<View
  style={
    Object {
      "flexDirection": "row",
      "height": 40,
      "justifyContent": "center",
    }
  }
>
  <View
    accessible={true}
    focusable={true}
    onClick={[Function]}
    onResponderGrant={[Function]}
    onResponderMove={[Function]}
    onResponderRelease={[Function]}
    onResponderTerminate={[Function]}
    onResponderTerminationRequest={[Function]}
    onStartShouldSetResponder={[Function]}
    style={
      Object {
        "alignItems": "center",
        "backgroundColor": "transparent",
        "borderBottomLeftRadius": 20,
        "borderColor": "#000000",
        "borderRadius": 4,
        "borderTopLeftRadius": 20,
        "borderWidth": 1,
        "justifyContent": "center",
        "opacity": 1,
        "width": 40,
      }
    }
    testID="minus-button"
  >
    <Text
      style={
        Array [
          Object {
            "fontFamily": "SourceSansPro-Bold",
            "fontSize": 16,
          },
          Object {
            "color": "#000000",
          },
        ]
      }
    >
      -
    </Text>
  </View>
  <View
    style={
      Array [
        Object {
          "alignItems": "center",
          "backgroundColor": "#fff",
          "borderColor": "#000",
          "borderRadius": 4,
          "borderWidth": 1,
          "justifyContent": "center",
          "marginHorizontal": 5,
          "width": 60,
        },
        Object {
          "borderColor": "#000000",
        },
      ]
    }
  >
    <Text
      style={
        Array [
          Object {
            "color": "#000",
            "fontFamily": "SourceSansPro-Bold",
            "fontSize": 16,
          },
        ]
      }
      testID="value-label"
    >
      0
    </Text>
  </View>
  <View
    accessible={true}
    focusable={true}
    onClick={[Function]}
    onResponderGrant={[Function]}
    onResponderMove={[Function]}
    onResponderRelease={[Function]}
    onResponderTerminate={[Function]}
    onResponderTerminationRequest={[Function]}
    onStartShouldSetResponder={[Function]}
    style={
      Object {
        "alignItems": "center",
        "backgroundColor": "transparent",
        "borderBottomEndRadius": 20,
        "borderColor": "#000000",
        "borderRadius": 4,
        "borderTopEndRadius": 20,
        "borderWidth": 1,
        "justifyContent": "center",
        "opacity": 1,
        "width": 40,
      }
    }
    testID="more-button"
  >
    <Text
      style={
        Array [
          Object {
            "fontFamily": "SourceSansPro-Bold",
            "fontSize": 16,
          },
          Object {
            "color": "#000000",
          },
        ]
      }
    >
      +
    </Text>
  </View>
</View>
`;
